[debug] [2026-03-23T18:28:18.246Z] ----------------------------------------------------------------------
[debug] [2026-03-23T18:28:18.253Z] Command:       /Users/christopherappiah-thompson/.nvm/versions/node/v20.20.1/bin/node /usr/local/bin/firebase init
[debug] [2026-03-23T18:28:18.253Z] CLI Version:   15.11.0
[debug] [2026-03-23T18:28:18.253Z] Platform:      darwin
[debug] [2026-03-23T18:28:18.253Z] Node Version:  v20.20.1
[debug] [2026-03-23T18:28:18.253Z] Time:          Tue Mar 24 2026 05:28:18 GMT+1100 (Australian Eastern Daylight Time)
[debug] [2026-03-23T18:28:18.253Z] ----------------------------------------------------------------------
[debug] 
[debug] [2026-03-23T18:28:18.254Z] >>> [apiv2][query] GET https://firebase-public.firebaseio.com/cli.json [none]
[info] 
     ######## #### ########  ######## ########     ###     ######  ########
     ##        ##  ##     ## ##       ##     ##  ##   ##  ##       ##
     ######    ##  ########  ######   ########  #########  ######  ######
     ##        ##  ##    ##  ##       ##     ## ##     ##       ## ##
     ##       #### ##     ## ######## ########  ##     ##  ######  ########

You're about to initialize a Firebase project in this directory:

  /Users/christopherappiah-thompson/ReactFirebaseApp

[debug] [2026-03-23T18:28:19.522Z] <<< [apiv2][status] GET https://firebase-public.firebaseio.com/cli.json 200
[debug] [2026-03-23T18:28:19.523Z] <<< [apiv2][body] GET https://firebase-public.firebaseio.com/cli.json {"cloudBuildErrorAfter":1594252800000,"cloudBuildWarnAfter":1590019200000,"defaultNode10After":1594252800000,"minVersion":"3.0.5","node8DeploysDisabledAfter":1613390400000,"node8RuntimeDisabledAfter":1615809600000,"node8WarnAfter":1600128000000}
[info] 
=== Project Setup
[info] 
[info] First, let's associate this project directory with a Firebase project.
[info] You can create multiple project aliases by running firebase use --add, 
[info] 
[debug] [2026-03-23T18:30:19.032Z] > command requires scopes: ["email","openid","https://www.googleapis.com/auth/cloudplatformprojects.readonly","https://www.googleapis.com/auth/firebase","https://www.googleapis.com/auth/cloud-platform"]
[debug] [2026-03-23T18:30:19.034Z] > authorizing via signed-in user (chrsappiah@gmail.com)
[debug] [2026-03-23T18:30:19.036Z] Checked if tokens are valid: false, expires at: 1773990163486
[debug] [2026-03-23T18:30:19.036Z] Checked if tokens are valid: false, expires at: 1773990163486
[debug] [2026-03-23T18:30:19.037Z] > refreshing access token with scopes: []
[debug] [2026-03-23T18:30:19.044Z] >>> [apiv2][query] POST https://www.googleapis.com/oauth2/v3/token [none]
[debug] [2026-03-23T18:30:19.044Z] >>> [apiv2][body] POST https://www.googleapis.com/oauth2/v3/token [omitted]
[debug] [2026-03-23T18:30:19.399Z] <<< [apiv2][status] POST https://www.googleapis.com/oauth2/v3/token 200
[debug] [2026-03-23T18:30:19.400Z] <<< [apiv2][body] POST https://www.googleapis.com/oauth2/v3/token [omitted]
[debug] [2026-03-23T18:30:19.415Z] >>> [apiv2][query] GET https://firebase.googleapis.com/v1beta1/projects/wcs-text-video-app [none]
[debug] [2026-03-23T18:30:20.212Z] <<< [apiv2][status] GET https://firebase.googleapis.com/v1beta1/projects/wcs-text-video-app 200
[debug] [2026-03-23T18:30:20.212Z] <<< [apiv2][body] GET https://firebase.googleapis.com/v1beta1/projects/wcs-text-video-app {"projectId":"wcs-text-video-app","projectNumber":"19285705819","displayName":"WCS TEXT-VIDEO APP","name":"projects/wcs-text-video-app","resources":{"hostingSite":"wcs-text-video-app"},"state":"ACTIVE","etag":"1_8e65d24a-7fb8-4f1a-a82e-120cd3a8351f"}
[info] i  Using project wcs-text-video-app (WCS TEXT-VIDEO APP) . 
[info] 
=== Dataconnect Setup
[info] i  dataconnect: ensuring required API firebasedataconnect.googleapis.com is enabled... 
[info] i  dataconnect: ensuring required API sqladmin.googleapis.com is enabled... 
[debug] [2026-03-23T18:30:20.224Z] Checked if tokens are valid: true, expires at: 1774294218400
[debug] [2026-03-23T18:30:20.224Z] Checked if tokens are valid: true, expires at: 1774294218400
[debug] [2026-03-23T18:30:20.224Z] >>> [apiv2][query] GET https://firebasedataconnect.googleapis.com/v1/projects/wcs-text-video-app/locations/-/services [none]
[debug] [2026-03-23T18:30:21.915Z] <<< [apiv2][status] GET https://firebasedataconnect.googleapis.com/v1/projects/wcs-text-video-app/locations/-/services 200
[debug] [2026-03-23T18:30:21.915Z] <<< [apiv2][body] GET https://firebasedataconnect.googleapis.com/v1/projects/wcs-text-video-app/locations/-/services {"services":[{"name":"projects/wcs-text-video-app/locations/australia-southeast1/services/christopherappiah-thompson","createTime":"2026-03-20T03:38:13.289787498Z","updateTime":"2026-03-20T04:57:35.483448655Z","uid":"f1d4a8e3-8dc5-47eb-a984-b9eeeee61bbd","reconciling":false,"etag":"NB83vSrq5FsxcClatlcbP23U2RNN-C1LQ9bJXn2NhY4"}]}
[debug] [2026-03-23T18:30:39.033Z] Checked if tokens are valid: true, expires at: 1774294218400
[debug] [2026-03-23T18:30:39.034Z] Checked if tokens are valid: true, expires at: 1774294218400
[debug] [2026-03-23T18:30:39.036Z] >>> [apiv2][query] GET https://firebasedataconnect.googleapis.com/v1/projects/wcs-text-video-app/locations/australia-southeast1/services/christopherappiah-thompson/schemas pageSize=100&pageToken=&fields=schemas.name%2Cschemas.datasources%2Cschemas.source
[debug] [2026-03-23T18:30:39.464Z] <<< [apiv2][status] GET https://firebasedataconnect.googleapis.com/v1/projects/wcs-text-video-app/locations/australia-southeast1/services/christopherappiah-thompson/schemas 200
[debug] [2026-03-23T18:30:39.464Z] <<< [apiv2][body] GET https://firebasedataconnect.googleapis.com/v1/projects/wcs-text-video-app/locations/australia-southeast1/services/christopherappiah-thompson/schemas {"schemas":[{"name":"projects/wcs-text-video-app/locations/australia-southeast1/services/christopherappiah-thompson/schemas/main","source":{"files":[{"path":"schema.gql","content":"type User @table {\n  displayName: String!\n  createdAt: Timestamp!\n  email: String!\n  photoUrl: String\n  lastLoginAt: Timestamp\n  subscriptionType: SubscriptionType\n}\n\ntype VideoPrompt @table {\n  user: User!\n  promptText: String!\n  createdAt: Timestamp!\n  status: String!\n  videoStyle: String\n  voiceoverOption: String\n  theme: String\n}\n\ntype GeneratedVideo @table {\n  user: User!\n  videoPrompt: VideoPrompt!\n  videoUrl: String!\n  createdAt: Timestamp!\n  durationSeconds: Int!\n  thumbnailUrl: String\n  sizeBytes: Int64\n}\n\ntype SubscriptionType @table {\n  name: String!\n  maxPromptsPerMonth: Int!\n  processingPriority: String!\n  maxVideoDurationSeconds: Int\n  pricePerMonth: Float\n}"}]},"datasources":[{"postgresql":{"database":"fdcdb","cloudSql":{"instance":"projects/wcs-text-video-app/locations/australia-southeast1/instances/christopherappiah-thompson-fdc"},"schemaMigration":"MIGRATE_COMPATIBLE"}}]}]}
[debug] [2026-03-23T18:30:39.465Z] Checked if tokens are valid: true, expires at: 1774294218400
[debug] [2026-03-23T18:30:39.465Z] Checked if tokens are valid: true, expires at: 1774294218400
[debug] [2026-03-23T18:30:39.465Z] >>> [apiv2][query] GET https://firebasedataconnect.googleapis.com/v1/projects/wcs-text-video-app/locations/australia-southeast1/services/christopherappiah-thompson/connectors pageSize=100&pageToken=&fields=connectors.name%2Cconnectors.source.files
[debug] [2026-03-23T18:30:39.642Z] <<< [apiv2][status] GET https://firebasedataconnect.googleapis.com/v1/projects/wcs-text-video-app/locations/australia-southeast1/services/christopherappiah-thompson/connectors 200
[debug] [2026-03-23T18:30:39.642Z] <<< [apiv2][body] GET https://firebasedataconnect.googleapis.com/v1/projects/wcs-text-video-app/locations/australia-southeast1/services/christopherappiah-thompson/connectors {}
[debug] [2026-03-23T18:30:39.643Z] Checked if tokens are valid: true, expires at: 1774294218400
[debug] [2026-03-23T18:30:39.643Z] Checked if tokens are valid: true, expires at: 1774294218400
[debug] [2026-03-23T18:30:39.644Z] >>> [apiv2][query] GET https://cloudbilling.googleapis.com/v1/projects/wcs-text-video-app/billingInfo [none]
[debug] [2026-03-23T18:30:41.128Z] <<< [apiv2][status] GET https://cloudbilling.googleapis.com/v1/projects/wcs-text-video-app/billingInfo 200
[debug] [2026-03-23T18:30:41.128Z] <<< [apiv2][body] GET https://cloudbilling.googleapis.com/v1/projects/wcs-text-video-app/billingInfo {"name":"projects/wcs-text-video-app/billingInfo","projectId":"wcs-text-video-app","billingAccountName":"billingAccounts/01439F-8FB7B7-FEBEB3","billingEnabled":true}
[debug] [2026-03-23T18:30:41.129Z] Checked if tokens are valid: true, expires at: 1774294218400
[debug] [2026-03-23T18:30:41.129Z] Checked if tokens are valid: true, expires at: 1774294218400
[debug] [2026-03-23T18:30:41.130Z] >>> [apiv2][query] GET https://monitoring.googleapis.com/v3/projects/wcs-text-video-app/timeSeries/ filter=metric.type%3D%22serviceruntime.googleapis.com%2Fquota%2Fallocation%2Fusage%22+AND+metric.label.quota_metric+%3D+%22sqladmin.googleapis.com%2Ffdc_lifetime_free_trial_per_project%22&interval.endTime=2026-03-23T18%3A30%3A41.129Z&interval.startTime=2026-03-16T18%3A30%3A41.129Z
[debug] [2026-03-23T18:30:42.154Z] <<< [apiv2][status] GET https://monitoring.googleapis.com/v3/projects/wcs-text-video-app/timeSeries/ 200
[debug] [2026-03-23T18:30:42.154Z] <<< [apiv2][body] GET https://monitoring.googleapis.com/v3/projects/wcs-text-video-app/timeSeries/ {"timeSeries":[{"metric":{"labels":{"quota_metric":"sqladmin.googleapis.com/fdc_lifetime_free_trial_per_project"},"type":"serviceruntime.googleapis.com/quota/allocation/usage"},"resource":{"type":"consumer_quota","labels":{"location":"global","project_id":"wcs-text-video-app","service":"sqladmin.googleapis.com"}},"metricKind":"GAUGE","valueType":"INT64","points":[{"interval":{"startTime":"2026-03-23T14:18:47Z","endTime":"2026-03-23T14:18:47Z"},"value":{"int64Value":"1"}},{"interval":{"startTime":"2026-03-23T02:44:04Z","endTime":"2026-03-23T02:44:04Z"},"value":{"int64Value":"1"}},{"interval":{"startTime":"2026-03-22T17:25:18Z","endTime":"2026-03-22T17:25:18Z"},"value":{"int64Value":"1"}},{"interval":{"startTime":"2026-03-22T03:34:41Z","endTime":"2026-03-22T03:34:41Z"},"value":{"int64Value":"1"}},{"interval":{"startTime":"2026-03-21T14:33:38Z","endTime":"2026-03-21T14:33:38Z"},"value":{"int64Value":"1"}},{"interval":{"startTime":"2026-03-21T02:26:20Z","endTime":"2026-03-21T02:26:20Z"},"value":{"int64Value":"1"}},{"interval":{"startTime":"2026-03-20T18:55:59Z","endTime":"2026-03-20T18:55:59Z"},"value":{"int64Value":"1"}},{"interval":{"startTime":"2026-03-20T03:38:08Z","endTime":"2026-03-20T03:38:08Z"},"value":{"int64Value":"1"}}]}],"unit":"1"}
[warn] ⚠  dataconnect: CloudSQL no cost trial has already been used on this project. 
[info] ✔  dataconnect: Detected existing apps android/app (android), ios (ios), ios/Pods (ios), . (web) 
[info] ✔  Wrote dataconnect/dataconnect.yaml 
[info] ✔  Wrote dataconnect/schema/schema.gql 
[info] ✔  Wrote dataconnect/example/connector.yaml 
[info] ✔  Wrote dataconnect/example/connector.yaml 
[info] i  dataconnect: Installing the generated SDKs ... 
[info] i  dataconnect: downloading dataconnect-emulator-3.3.0... {"metadata":{"emulator":{"name":"dataconnect"},"message":"downloading dataconnect-emulator-3.3.0..."}}
[debug] [2026-03-23T18:31:45.884Z] >>> [apiv2][query] GET https://storage.googleapis.com/firemat-preview-drop/emulator/dataconnect-emulator-macos-arm64-v3.3.0 
[debug] [2026-03-23T18:31:46.434Z] <<< [apiv2][status] GET https://storage.googleapis.com/firemat-preview-drop/emulator/dataconnect-emulator-macos-arm64-v3.3.0 200
[debug] [2026-03-23T18:31:46.434Z] <<< [apiv2][body] GET https://storage.googleapis.com/firemat-preview-drop/emulator/dataconnect-emulator-macos-arm64-v3.3.0 [stream]
[debug] [2026-03-23T18:31:50.174Z] defaultcredentials: writing to file /Users/christopherappiah-thompson/.config/firebase/chrsappiah_gmail_com_application_default_credentials.json
[error] ⬢  dataconnect: Failed to generate Data Connect SDKs
Command failed with exit code 1 
[info] ✔  dataconnect: Installed generated SDKs for ios/Pods (ios) 
[info] i  Please follow the instructions here to add your generated sdk to your XCode project:
	https://firebase.google.com/docs/data-connect/ios-sdk#set-client 
[info] 
=== Firestore Setup
[info] i  firestore: ensuring required API firestore.googleapis.com is enabled... 
[debug] [2026-03-23T18:31:51.106Z] Checked if tokens are valid: true, expires at: 1774294218400
[debug] [2026-03-23T18:31:51.106Z] Checked if tokens are valid: true, expires at: 1774294218400
[debug] [2026-03-23T18:31:51.106Z] >>> [apiv2][query] GET https://firestore.googleapis.com/v1/projects/wcs-text-video-app/databases [none]
[debug] [2026-03-23T18:31:51.863Z] <<< [apiv2][status] GET https://firestore.googleapis.com/v1/projects/wcs-text-video-app/databases 200
[debug] [2026-03-23T18:31:51.863Z] <<< [apiv2][body] GET https://firestore.googleapis.com/v1/projects/wcs-text-video-app/databases {"databases":[{"name":"projects/wcs-text-video-app/databases/(default)","uid":"17b91cd0-1daa-414c-b949-9dcccae52b55","createTime":"2026-03-20T06:03:27.614461Z","updateTime":"2026-03-20T06:03:27.614461Z","locationId":"australia-southeast1","type":"FIRESTORE_NATIVE","concurrencyMode":"PESSIMISTIC","versionRetentionPeriod":"3600s","earliestVersionTime":"2026-03-23T17:31:51.833692Z","appEngineIntegrationMode":"DISABLED","keyPrefix":"f","pointInTimeRecoveryEnablement":"POINT_IN_TIME_RECOVERY_DISABLED","deleteProtectionState":"DELETE_PROTECTION_DISABLED","databaseEdition":"STANDARD","freeTier":true,"realtimeUpdatesMode":"REALTIME_UPDATES_MODE_ENABLED","etag":"IJXy1fzTtpMDMOzf/an3rZMD"}]}
[info] 
[info] Firestore Security Rules allow you to define how and when to allow
[info] requests. You can keep these rules in your project directory
[info] and publish them with firebase deploy.
[info] 
[debug] [2026-03-23T18:33:25.659Z] Checked if tokens are valid: true, expires at: 1774294218400
[debug] [2026-03-23T18:33:25.661Z] Checked if tokens are valid: true, expires at: 1774294218400
[debug] [2026-03-23T18:33:25.662Z] >>> [apiv2][query] GET https://firebaserules.googleapis.com/v1/projects/wcs-text-video-app/releases pageSize=10&pageToken=
[debug] [2026-03-23T18:33:27.243Z] <<< [apiv2][status] GET https://firebaserules.googleapis.com/v1/projects/wcs-text-video-app/releases 200
[debug] [2026-03-23T18:33:27.243Z] <<< [apiv2][body] GET https://firebaserules.googleapis.com/v1/projects/wcs-text-video-app/releases {"releases":[{"name":"projects/wcs-text-video-app/releases/cloud.firestore","rulesetName":"projects/wcs-text-video-app/rulesets/8377fc87-4b0c-450e-a963-26fdc43b723a","createTime":"2026-03-20T06:03:35.089307Z","updateTime":"2026-03-20T06:03:35.089307Z"}]}
[debug] [2026-03-23T18:33:27.244Z] Checked if tokens are valid: true, expires at: 1774294218400
[debug] [2026-03-23T18:33:27.244Z] Checked if tokens are valid: true, expires at: 1774294218400
[debug] [2026-03-23T18:33:27.244Z] >>> [apiv2][query] GET https://firebaserules.googleapis.com/v1/projects/wcs-text-video-app/rulesets/8377fc87-4b0c-450e-a963-26fdc43b723a [none]
[debug] [2026-03-23T18:33:28.661Z] <<< [apiv2][status] GET https://firebaserules.googleapis.com/v1/projects/wcs-text-video-app/rulesets/8377fc87-4b0c-450e-a963-26fdc43b723a 200
[debug] [2026-03-23T18:33:28.661Z] <<< [apiv2][body] GET https://firebaserules.googleapis.com/v1/projects/wcs-text-video-app/rulesets/8377fc87-4b0c-450e-a963-26fdc43b723a [omitted]
[info] i  Downloaded the existing Firestore Security Rules from the Firebase console 
[info] 
[info] Firestore indexes allow you to perform complex queries while
[info] maintaining performance that scales with the size of the result
[info] set. You can keep index definitions in your project directory
[info] and publish them with firebase deploy.
[info] 
[debug] [2026-03-23T18:35:20.333Z] Checked if tokens are valid: true, expires at: 1774294218400
[debug] [2026-03-23T18:35:20.336Z] Checked if tokens are valid: true, expires at: 1774294218400
[debug] [2026-03-23T18:35:20.336Z] Checked if tokens are valid: true, expires at: 1774294218400
[debug] [2026-03-23T18:35:20.336Z] Checked if tokens are valid: true, expires at: 1774294218400
[debug] [2026-03-23T18:35:20.336Z] >>> [apiv2][query] GET https://firestore.googleapis.com/v1/projects/wcs-text-video-app/databases/(default)/collectionGroups/-/indexes [none]
[debug] [2026-03-23T18:35:20.357Z] >>> [apiv2][query] GET https://firestore.googleapis.com/v1/projects/wcs-text-video-app/databases/(default)/collectionGroups/-/fields?filter=indexConfig.usesAncestorConfig=false OR ttlConfig:* [none]
[debug] [2026-03-23T18:35:20.658Z] <<< [apiv2][status] GET https://firestore.googleapis.com/v1/projects/wcs-text-video-app/databases/(default)/collectionGroups/-/fields?filter=indexConfig.usesAncestorConfig=false OR ttlConfig:* 200
[debug] [2026-03-23T18:35:20.658Z] <<< [apiv2][body] GET https://firestore.googleapis.com/v1/projects/wcs-text-video-app/databases/(default)/collectionGroups/-/fields?filter=indexConfig.usesAncestorConfig=false OR ttlConfig:* {"fields":[{"name":"projects/wcs-text-video-app/databases/(default)/collectionGroups/__default__/fields/*","indexConfig":{"indexes":[{"queryScope":"COLLECTION","fields":[{"fieldPath":"*","order":"ASCENDING"}],"state":"READY"},{"queryScope":"COLLECTION","fields":[{"fieldPath":"*","order":"DESCENDING"}],"state":"READY"},{"queryScope":"COLLECTION","fields":[{"fieldPath":"*","arrayConfig":"CONTAINS"}],"state":"READY"}]}}]}
[debug] [2026-03-23T18:35:20.673Z] <<< [apiv2][status] GET https://firestore.googleapis.com/v1/projects/wcs-text-video-app/databases/(default)/collectionGroups/-/indexes 200
[debug] [2026-03-23T18:35:20.673Z] <<< [apiv2][body] GET https://firestore.googleapis.com/v1/projects/wcs-text-video-app/databases/(default)/collectionGroups/-/indexes {}
[info] i  Downloaded the existing Firestore indexes from the Firebase console 
[info] ✔  Wrote firestore.rules 
[debug] [2026-03-23T18:35:20.914Z] Error: EROFS: read-only file system, open '// firestore.custom.rules'
    at Object.writeFileSync (node:fs:2380:20)
    at Object.createFileSync (/usr/local/lib/node_modules/firebase-tools/node_modules/fs-extra/lib/ensure/file.js:63:6)
    at Config.writeProjectFile (/usr/local/lib/node_modules/firebase-tools/lib/config.js:166:12)
    at Object.actuate (/usr/local/lib/node_modules/firebase-tools/lib/init/features/firestore/index.js:88:16)
    at init (/usr/local/lib/node_modules/firebase-tools/lib/init/index.js:99:25)
    at process.processTicksAndRejections (node:internal/process/task_queues:95:5)
    at async Command.initAction [as actionFn] (/usr/local/lib/node_modules/firebase-tools/lib/commands/init.js:231:5)
[error] 
[error] Error: An unexpected error has occurred.
